// Jest Snapshot v1, https://goo.gl/fbAQLP

exports[`NoteMain component renders the UI as expected 1`] = `
<div
  className="main-container"
/>
`;
